*********************************************************************************************
*                                                                                           *
*                                     WUDESIM REPORT                                        *
*                                                                                           *
*********************************************************************************************

Branch_ID     Pipe_ID       Junc_ID       N_segments    Flow_Corr     Disp_Corr     Rw_Corr       
B1            P5            34            2             0.666667      0.625         1.08664       

	Flouride(mg/l) Results                            	Pipe Results
Time          EPANET        WUDESIM                     Reyn_WUDESIM  Pecl_WUDESIM  ResT_WUDESIM  
0             1             1                           498.103       0.296035      49737         
1             1             1                           411.133       0.358658      60258.3       
2             1             1                           382.143       0.385866      64829.6       
3             1             1                           382.143       0.385866      64829.6       
4             1             1                           353.152       0.417542      70151.4       
5             1             1                           469.113       0.314329      52810.6       
6             1             1                           506.009       0.29141       48959.8       
7             1             1                           263.547       0.559506      94002.9       
8             1             1                           263.547       0.559506      94002.9       
9             1             1                           529.729       0.278361      46767.6       
10            1             1                           972.487       0.151628      25475         
11            1             1                           382.143       0.385866      64829.6       
12            1             1                           363.694       0.405439      68118         
13            1             1                           268.818       0.548536      92159.7       
14            1             1                           563.99        0.261452      43926.6       
15            1             1                           242.463       0.608159      102177        
16            1             1                           121.231       1.21632       204354        
17            1             1                           308.349       0.478211      80344.4       
18            1             1                           147.586       0.999119      167862        
19            1             1                           263.547       0.559506      94002.9       
20            1             1                           498.103       0.296035      49737         
21            1             1                           616.699       0.239105      40172.2       
22            1             1                           469.113       0.314329      52810.6       
23            1             1                           498.103       0.296035      49737         
24            1             0.999806                    237.192       0.621674      104448        
25            1             0.999493                    434.852       0.339095      56971.5       
26            1             1.00044                     405.862       0.363316      61040.8       
27            1             1.00217                     287.266       0.513309      86241.2       
28            1             1.00217                     347.882       0.423868      71214.3       
29            1             0.994002                    419.039       0.351891      59121.3       
30            1             0.979312                    392.684       0.375508      63089.2       
31            1             0.9761                      679.95        0.216863      36435.2       
32            1             0.978192                    442.758       0.33304       55954.1       
33            1             0.979657                    529.729       0.278361      46767.6       
34            0.986         0.981289                    442.758       0.33304       55954.1       
35            1.03488       0.981217                    382.143       0.385866      64829.6       
36            1.03488       0.9728                      411.133       0.358658      60258.3       
37            0.996         0.938181                    455.936       0.323414      54336.9       
38            0.696         0.890955                    361.059       0.408399      68615.3       
39            0.696         0.855721                    242.463       0.608159      102177        
40            1.001         0.843721                    268.818       0.548536      92159.7       
41            1.001         0.840527                    181.847       0.810879      136236        
42            1.001         0.841077                    202.931       0.726632      122082        
43            1.001         0.842648                    292.537       0.50406       84687.3       
44            1.001         0.845863                    442.758       0.33304       55954.1       
45            1.001         0.851193                    529.729       0.278361      46767.6       
46            1.001         0.857216                    498.103       0.296035      49737         
47            0.861         0.86246                     382.143       0.385866      64829.6       
48            0.213         0.861854                    324.162       0.454883      76425.1       
49            0.234         0.841328                    540.27        0.27293       45855.1       
50            0.139         0.787601                    405.862       0.363316      61040.8       
51            0.93          0.747269                    321.527       0.458612      77051.6       
52            0.93          0.716265                    347.882       0.423868      71214.3       
53            0.93          0.684375                    321.527       0.458612      77051.6       
54            0.93          0.656506                    321.527       0.458612      77051.6       
55            0.93          0.631819                    498.103       0.296035      49737         

*********************************************************************************************

